FreePiano 2.2

GroupCount	1
Group	Set	0
KeySignature	Set	0
Velocity	In_0	Set	80
Velocity	In_1	Set	100
Sustain	Out_0	Set	0
Keydown	Esc	Note	In_7	C#4
Keydown	F1	Note	In_7	C#4
Keydown	F2	Note	In_7	C#4
Keydown	F3	Note	In_7	C#4
Keydown	F4	Note	In_7	C#4
Keydown	F5	Note	In_7	C#4
Keydown	F6	Note	In_7	C#4
Keydown	F7	Note	In_7	C#4
Keydown	F8	Note	In_7	C#4
Keydown	F9	Note	In_7	C#4
Keydown	F10	Note	In_7	C#4
Keydown	F11	Note	In_7	C#4
Keydown	F12	Note	In_7	C#4
Keydown	~	Note	In_0	A0
Keydown	1	Note	In_0	C5
Keydown	2	Note	In_0	D5
Keydown	3	Note	In_0	E5
Keydown	4	Note	In_0	F5
Keydown	5	Note	In_0	G5
Keydown	6	Note	In_0	A5
Keydown	7	Note	In_0	B5
Keydown	8	Note	In_0	C6
Keydown	9	Note	In_0	D6
Keydown	0	Note	In_0	E6
Keydown	-	Note	In_0	C0
Keydown	=	Note	In_7	C#4
Keydown	Backspace	Note	In_0	B6
Keydown	Tab	Note	In_0	G#4
Keydown	Q	Note	In_0	C4
Keydown	W	Note	In_0	D4
Keydown	E	Note	In_0	E4
Keydown	R	Note	In_0	F4
Keydown	T	Note	In_0	G4
Keydown	Y	Note	In_0	A4
Keydown	U	Note	In_0	B4
Keydown	I	Note	In_0	F6
Keydown	O	Note	In_0	G6
Keydown	P	Note	In_0	A6
Keydown	{	Note	In_7	C#4
Keydown	}	Note	In_7	C#4
Keydown	|	Note	In_7	C#4
Keydown	CapsLock	Note	In_7	C#4
Keydown	A	Note	In_0	C3
Keydown	S	Note	In_0	D3
Keydown	D	Note	In_0	E3
Keydown	F	Note	In_0	F3
Keydown	G	Note	In_0	G3
Keydown	H	Note	In_0	A3
Keydown	J	Note	In_0	B3
Keydown	K	Note	In_0	C8
Keydown	L	Note	In_0	D8
Keydown	:	Note	In_7	C#4
Keydown	"	Note	In_7	C#4
Keydown	Enter	Note	In_0	G#3
Keydown	Shift	Note	In_0	F#4
Keydown	Z	Note	In_0	C2
Keydown	X	Note	In_0	D2
Keydown	C	Note	In_0	E2
Keydown	V	Note	In_0	F2
Keydown	B	Note	In_0	G2
Keydown	N	Note	In_0	A2
Keydown	M	Note	In_0	B2
Keydown	<	Note	In_0	G#5
Keydown	>	Note	In_0	F#5
Keydown	?	Note	In_0	G#2
Keydown	RShift	Note	In_7	C#4
Keydown	Space	Note	In_1	B8
Keydown	PrintScreen	Note	In_7	C#4
Keydown	ScrollLock	Record
Keydown	Pause	Note	In_7	C#4
Keydown	Insert	Note	In_7	C#4
Keydown	Home	Note	In_7	C#4
Keydown	PgUp	Note	In_7	C#4
Keydown	Delete	Note	In_7	C#4
Keydown	End	Note	In_7	C#4
Keydown	PgDn	Note	In_7	C#4
Keydown	Up	Note	In_7	C#4
Keydown	Left	Note	In_7	C#4
Keydown	Down	Note	In_7	C#4
Keydown	Right	Note	In_7	C#4
Keydown	NumLock	Note	In_1	E7
Keydown	Num/	Note	In_1	F7
Keydown	Num*	Note	In_1	G7
Keydown	Num-	Note	In_1	A7
Keydown	Num7	Note	In_1	B1
Keydown	Num8	Note	In_1	C7
Keydown	Num9	Note	In_1	D7
Keydown	Num+	Note	In_1	B7
Keydown	Num4	Note	In_1	F1
Keydown	Num5	Note	In_1	G1
Keydown	Num6	Note	In_1	A1
Keydown	Num1	Note	In_1	C1
Keydown	Num2	Note	In_1	D1
Keydown	Num3	Note	In_1	E1
Keydown	NumEnter	Note	In_7	C#4
Keydown	Num0	Note	In_1	A#4
Keydown	Num.	Note	In_1	E#4
